<?xml version="1.0" encoding="UTF-8"?>
<testsuites>
  <testsuite name="/app/phpunit-ci.xml" tests="179" assertions="1471" errors="0" failures="0" skipped="0" time="24.835974">
    <testsuite name="Unit" tests="29" assertions="248" errors="0" failures="0" skipped="0" time="1.220807">
      <testsuite name="Tests\Unit\Playground\Admin\Resource\Http\Requests\FormRequest\InstanceTest" file="/app/tests/Unit/Http/Requests/FormRequest/InstanceTest.php" tests="5" assertions="6" errors="0" failures="0" skipped="0" time="0.345820">
        <testcase name="test_form_request_authorize_without_user" file="/app/tests/Unit/Http/Requests/FormRequest/InstanceTest.php" line="23" class="Tests\Unit\Playground\Admin\Resource\Http\Requests\FormRequest\InstanceTest" classname="Tests.Unit.Playground.Admin.Resource.Http.Requests.FormRequest.InstanceTest" assertions="1" time="0.172079"/>
        <testcase name="test_rule_s_is_empty_by_default" file="/app/tests/Unit/Http/Requests/FormRequest/InstanceTest.php" line="30" class="Tests\Unit\Playground\Admin\Resource\Http\Requests\FormRequest\InstanceTest" classname="Tests.Unit.Playground.Admin.Resource.Http.Requests.FormRequest.InstanceTest" assertions="2" time="0.037131"/>
        <testcase name="test_user_has_admin_privileges_without_user" file="/app/tests/Unit/Http/Requests/FormRequest/InstanceTest.php" line="38" class="Tests\Unit\Playground\Admin\Resource\Http\Requests\FormRequest\InstanceTest" classname="Tests.Unit.Playground.Admin.Resource.Http.Requests.FormRequest.InstanceTest" assertions="1" time="0.037013"/>
        <testcase name="test_user_has_admin_privileges_with_admin" file="/app/tests/Unit/Http/Requests/FormRequest/InstanceTest.php" line="45" class="Tests\Unit\Playground\Admin\Resource\Http\Requests\FormRequest\InstanceTest" classname="Tests.Unit.Playground.Admin.Resource.Http.Requests.FormRequest.InstanceTest" assertions="1" time="0.056474"/>
        <testcase name="test_user_has_admin_privileges_with_default_laravel_user" file="/app/tests/Unit/Http/Requests/FormRequest/InstanceTest.php" line="57" class="Tests\Unit\Playground\Admin\Resource\Http\Requests\FormRequest\InstanceTest" classname="Tests.Unit.Playground.Admin.Resource.Http.Requests.FormRequest.InstanceTest" assertions="1" time="0.043124"/>
      </testsuite>
      <testsuite name="Tests\Unit\Playground\Admin\Resource\Http\Requests\Setting\CreateRequestTest" file="/app/tests/Unit/Http/Requests/Setting/CreateRequestTest.php" tests="1" assertions="1" errors="0" failures="0" skipped="0" time="0.036477">
        <testcase name="test_request_instance" file="/app/vendor/gammamatrix/playground-test/src/Unit/Http/Requests/RequestCase.php" line="42" class="Tests\Unit\Playground\Admin\Resource\Http\Requests\Setting\CreateRequestTest" classname="Tests.Unit.Playground.Admin.Resource.Http.Requests.Setting.CreateRequestTest" assertions="1" time="0.036477"/>
      </testsuite>
      <testsuite name="Tests\Unit\Playground\Admin\Resource\Http\Requests\User\CreateRequestTest" file="/app/tests/Unit/Http/Requests/User/CreateRequestTest.php" tests="3" assertions="51" errors="0" failures="0" skipped="0" time="0.118144">
        <testcase name="test_request_instance" file="/app/vendor/gammamatrix/playground-test/src/Unit/Http/Requests/RequestCase.php" line="42" class="Tests\Unit\Playground\Admin\Resource\Http\Requests\User\CreateRequestTest" classname="Tests.Unit.Playground.Admin.Resource.Http.Requests.User.CreateRequestTest" assertions="1" time="0.036017"/>
        <testcase name="test_return_playground_rules" file="/app/tests/Unit/Http/Requests/User/CreateRequestTest.php" line="21" class="Tests\Unit\Playground\Admin\Resource\Http\Requests\User\CreateRequestTest" classname="Tests.Unit.Playground.Admin.Resource.Http.Requests.User.CreateRequestTest" assertions="45" time="0.038542"/>
        <testcase name="test_return_laravel_rules" file="/app/tests/Unit/Http/Requests/User/CreateRequestTest.php" line="82" class="Tests\Unit\Playground\Admin\Resource\Http\Requests\User\CreateRequestTest" classname="Tests.Unit.Playground.Admin.Resource.Http.Requests.User.CreateRequestTest" assertions="5" time="0.043584"/>
      </testsuite>
      <testsuite name="Tests\Unit\Playground\Admin\Resource\Http\Requests\User\EditRequestTest" file="/app/tests/Unit/Http/Requests/User/EditRequestTest.php" tests="3" assertions="51" errors="0" failures="0" skipped="0" time="0.108275">
        <testcase name="test_request_instance" file="/app/vendor/gammamatrix/playground-test/src/Unit/Http/Requests/RequestCase.php" line="42" class="Tests\Unit\Playground\Admin\Resource\Http\Requests\User\EditRequestTest" classname="Tests.Unit.Playground.Admin.Resource.Http.Requests.User.EditRequestTest" assertions="1" time="0.037173"/>
        <testcase name="test_return_playground_rules" file="/app/tests/Unit/Http/Requests/User/EditRequestTest.php" line="21" class="Tests\Unit\Playground\Admin\Resource\Http\Requests\User\EditRequestTest" classname="Tests.Unit.Playground.Admin.Resource.Http.Requests.User.EditRequestTest" assertions="45" time="0.035858"/>
        <testcase name="test_return_laravel_rules" file="/app/tests/Unit/Http/Requests/User/EditRequestTest.php" line="82" class="Tests\Unit\Playground\Admin\Resource\Http\Requests\User\EditRequestTest" classname="Tests.Unit.Playground.Admin.Resource.Http.Requests.User.EditRequestTest" assertions="5" time="0.035245"/>
      </testsuite>
      <testsuite name="Tests\Unit\Playground\Admin\Resource\Http\Requests\User\StoreRequestTest" file="/app/tests/Unit/Http/Requests/User/StoreRequestTest.php" tests="6" assertions="62" errors="0" failures="0" skipped="0" time="0.227708">
        <testcase name="test_request_instance" file="/app/vendor/gammamatrix/playground-test/src/Unit/Http/Requests/RequestCase.php" line="42" class="Tests\Unit\Playground\Admin\Resource\Http\Requests\User\StoreRequestTest" classname="Tests.Unit.Playground.Admin.Resource.Http.Requests.User.StoreRequestTest" assertions="1" time="0.037533"/>
        <testcase name="test_return_playground_rules" file="/app/tests/Unit/Http/Requests/User/StoreRequestTest.php" line="24" class="Tests\Unit\Playground\Admin\Resource\Http\Requests\User\StoreRequestTest" classname="Tests.Unit.Playground.Admin.Resource.Http.Requests.User.StoreRequestTest" assertions="45" time="0.036593"/>
        <testcase name="test_return_laravel_rules" file="/app/tests/Unit/Http/Requests/User/StoreRequestTest.php" line="85" class="Tests\Unit\Playground\Admin\Resource\Http\Requests\User\StoreRequestTest" classname="Tests.Unit.Playground.Admin.Resource.Http.Requests.User.StoreRequestTest" assertions="5" time="0.037050"/>
        <testcase name="test_prepare_for_validation_for_laravel" file="/app/tests/Unit/Http/Requests/User/StoreRequestTest.php" line="109" class="Tests\Unit\Playground\Admin\Resource\Http\Requests\User\StoreRequestTest" classname="Tests.Unit.Playground.Admin.Resource.Http.Requests.User.StoreRequestTest" assertions="1" time="0.036617"/>
        <testcase name="test_prepare_for_validation_for_playground" file="/app/tests/Unit/Http/Requests/User/StoreRequestTest.php" line="119" class="Tests\Unit\Playground\Admin\Resource\Http\Requests\User\StoreRequestTest" classname="Tests.Unit.Playground.Admin.Resource.Http.Requests.User.StoreRequestTest" assertions="1" time="0.036970"/>
        <testcase name="test_prepare_for_validation_parameters" file="/app/tests/Unit/Http/Requests/User/StoreRequestTest.php" line="129" class="Tests\Unit\Playground\Admin\Resource\Http\Requests\User\StoreRequestTest" classname="Tests.Unit.Playground.Admin.Resource.Http.Requests.User.StoreRequestTest" assertions="9" time="0.042945"/>
      </testsuite>
      <testsuite name="Tests\Unit\Playground\Admin\Resource\Http\Requests\User\UpdateRequestTest" file="/app/tests/Unit/Http/Requests/User/UpdateRequestTest.php" tests="6" assertions="68" errors="0" failures="0" skipped="0" time="0.211631">
        <testcase name="test_request_instance" file="/app/vendor/gammamatrix/playground-test/src/Unit/Http/Requests/RequestCase.php" line="42" class="Tests\Unit\Playground\Admin\Resource\Http\Requests\User\UpdateRequestTest" classname="Tests.Unit.Playground.Admin.Resource.Http.Requests.User.UpdateRequestTest" assertions="1" time="0.035963"/>
        <testcase name="test_return_playground_rules" file="/app/tests/Unit/Http/Requests/User/UpdateRequestTest.php" line="24" class="Tests\Unit\Playground\Admin\Resource\Http\Requests\User\UpdateRequestTest" classname="Tests.Unit.Playground.Admin.Resource.Http.Requests.User.UpdateRequestTest" assertions="51" time="0.034661"/>
        <testcase name="test_return_laravel_rules" file="/app/tests/Unit/Http/Requests/User/UpdateRequestTest.php" line="91" class="Tests\Unit\Playground\Admin\Resource\Http\Requests\User\UpdateRequestTest" classname="Tests.Unit.Playground.Admin.Resource.Http.Requests.User.UpdateRequestTest" assertions="5" time="0.034826"/>
        <testcase name="test_prepare_for_validation_for_laravel" file="/app/tests/Unit/Http/Requests/User/UpdateRequestTest.php" line="115" class="Tests\Unit\Playground\Admin\Resource\Http\Requests\User\UpdateRequestTest" classname="Tests.Unit.Playground.Admin.Resource.Http.Requests.User.UpdateRequestTest" assertions="1" time="0.034260"/>
        <testcase name="test_prepare_for_validation_for_playground" file="/app/tests/Unit/Http/Requests/User/UpdateRequestTest.php" line="125" class="Tests\Unit\Playground\Admin\Resource\Http\Requests\User\UpdateRequestTest" classname="Tests.Unit.Playground.Admin.Resource.Http.Requests.User.UpdateRequestTest" assertions="1" time="0.035170"/>
        <testcase name="test_prepare_for_validation_parameters" file="/app/tests/Unit/Http/Requests/User/UpdateRequestTest.php" line="135" class="Tests\Unit\Playground\Admin\Resource\Http\Requests\User\UpdateRequestTest" classname="Tests.Unit.Playground.Admin.Resource.Http.Requests.User.UpdateRequestTest" assertions="9" time="0.036752"/>
      </testsuite>
      <testsuite name="Tests\Unit\Playground\Admin\Resource\Policies\SettingPolicy\PolicyTest" file="/app/tests/Unit/Policies/SettingPolicy/PolicyTest.php" tests="1" assertions="1" errors="0" failures="0" skipped="0" time="0.033488">
        <testcase name="test_policy_instance" file="/app/tests/Unit/Policies/SettingPolicy/PolicyTest.php" line="18" class="Tests\Unit\Playground\Admin\Resource\Policies\SettingPolicy\PolicyTest" classname="Tests.Unit.Playground.Admin.Resource.Policies.SettingPolicy.PolicyTest" assertions="1" time="0.033488"/>
      </testsuite>
      <testsuite name="Tests\Unit\Playground\Admin\Resource\ServiceProvider\InstanceTest" file="/app/tests/Unit/ServiceProvider/InstanceTest.php" tests="4" assertions="8" errors="0" failures="0" skipped="0" time="0.139264">
        <testcase name="test_version_matches" file="/app/tests/Unit/ServiceProvider/InstanceTest.php" line="21" class="Tests\Unit\Playground\Admin\Resource\ServiceProvider\InstanceTest" classname="Tests.Unit.Playground.Admin.Resource.ServiceProvider.InstanceTest" assertions="3" time="0.034099"/>
        <testcase name="test_set_policies_with_empty_array" file="/app/tests/Unit/ServiceProvider/InstanceTest.php" line="31" class="Tests\Unit\Playground\Admin\Resource\ServiceProvider\InstanceTest" classname="Tests.Unit.Playground.Admin.Resource.ServiceProvider.InstanceTest" assertions="1" time="0.034704"/>
        <testcase name="test_set_policies_with_invalid_model" file="/app/tests/Unit/ServiceProvider/InstanceTest.php" line="45" class="Tests\Unit\Playground\Admin\Resource\ServiceProvider\InstanceTest" classname="Tests.Unit.Playground.Admin.Resource.ServiceProvider.InstanceTest" assertions="2" time="0.036009"/>
        <testcase name="test_set_policies_with_invalid_policy" file="/app/tests/Unit/ServiceProvider/InstanceTest.php" line="76" class="Tests\Unit\Playground\Admin\Resource\ServiceProvider\InstanceTest" classname="Tests.Unit.Playground.Admin.Resource.ServiceProvider.InstanceTest" assertions="2" time="0.034453"/>
      </testsuite>
    </testsuite>
    <testsuite name="Feature" tests="150" assertions="1223" errors="0" failures="0" skipped="0" time="23.615167">
      <testsuite name="Tests\Feature\Playground\Admin\Resource\Console\Commands\About\CommandTest" file="/app/tests/Feature/Console/Commands/About/CommandTest.php" tests="1" assertions="2" errors="0" failures="0" skipped="0" time="0.347626">
        <testcase name="test_command_about_displays_package_information_and_succeed_with_code_0" file="/app/tests/Feature/Console/Commands/About/CommandTest.php" line="22" class="Tests\Feature\Playground\Admin\Resource\Console\Commands\About\CommandTest" classname="Tests.Feature.Playground.Admin.Resource.Console.Commands.About.CommandTest" assertions="2" time="0.347626"/>
      </testsuite>
      <testsuite name="Tests\Feature\Playground\Admin\Resource\Http\Controllers\Playground\IndexRouteTest" file="/app/tests/Feature/Http/Controllers/Playground/IndexRouteTest.php" tests="2" assertions="3" errors="0" failures="0" skipped="0" time="0.310649">
        <testcase name="test_guest_cannot_render_index_view" file="/app/tests/Feature/Http/Controllers/Playground/IndexRouteTest.php" line="20" class="Tests\Feature\Playground\Admin\Resource\Http\Controllers\Playground\IndexRouteTest" classname="Tests.Feature.Playground.Admin.Resource.Http.Controllers.Playground.IndexRouteTest" assertions="1" time="0.147324"/>
        <testcase name="test_admin_can_render_index_view" file="/app/tests/Feature/Http/Controllers/Playground/IndexRouteTest.php" line="29" class="Tests\Feature\Playground\Admin\Resource\Http\Controllers\Playground\IndexRouteTest" classname="Tests.Feature.Playground.Admin.Resource.Http.Controllers.Playground.IndexRouteTest" assertions="2" time="0.163325"/>
      </testsuite>
      <testsuite name="Tests\Feature\Playground\Admin\Resource\Http\Controllers\Playground\SettingRouteTest" file="/app/tests/Feature/Http/Controllers/Playground/SettingRouteTest.php" tests="73" assertions="666" errors="0" failures="0" skipped="0" time="11.644838">
        <testcase name="test_json_guest_cannot_get_create_info" file="/app/vendor/gammamatrix/playground-test/src/Feature/Http/Controllers/Resource/Playground/CreateJsonTrait.php" line="39" class="Tests\Feature\Playground\Admin\Resource\Http\Controllers\Playground\SettingRouteTest" classname="Tests.Feature.Playground.Admin.Resource.Http.Controllers.Playground.SettingRouteTest" assertions="1" time="0.123627"/>
        <testcase name="test_json_admin_can_get_create_info" file="/app/vendor/gammamatrix/playground-test/src/Feature/Http/Controllers/Resource/Playground/CreateJsonTrait.php" line="54" class="Tests\Feature\Playground\Admin\Resource\Http\Controllers\Playground\SettingRouteTest" classname="Tests.Feature.Playground.Admin.Resource.Http.Controllers.Playground.SettingRouteTest" assertions="49" time="0.145712"/>
        <testcase name="test_json_get_create_info_as_admin_with_invalid_parameter_and_fail_validation" file="/app/vendor/gammamatrix/playground-test/src/Feature/Http/Controllers/Resource/Playground/CreateJsonTrait.php" line="74" class="Tests\Feature\Playground\Admin\Resource\Http\Controllers\Playground\SettingRouteTest" classname="Tests.Feature.Playground.Admin.Resource.Http.Controllers.Playground.SettingRouteTest" assertions="4" time="0.142005"/>
        <testcase name="test_guest_cannot_render_create_view" file="/app/vendor/gammamatrix/playground-test/src/Feature/Http/Controllers/Resource/Playground/CreateTrait.php" line="34" class="Tests\Feature\Playground\Admin\Resource\Http\Controllers\Playground\SettingRouteTest" classname="Tests.Feature.Playground.Admin.Resource.Http.Controllers.Playground.SettingRouteTest" assertions="1" time="0.121772"/>
        <testcase name="test_admin_can_render_create_view" file="/app/vendor/gammamatrix/playground-test/src/Feature/Http/Controllers/Resource/Playground/CreateTrait.php" line="48" class="Tests\Feature\Playground\Admin\Resource\Http\Controllers\Playground\SettingRouteTest" classname="Tests.Feature.Playground.Admin.Resource.Http.Controllers.Playground.SettingRouteTest" assertions="2" time="0.200605"/>
        <testcase name="test_admin_can_render_create_view_with_return_url" file="/app/vendor/gammamatrix/playground-test/src/Feature/Http/Controllers/Resource/Playground/CreateTrait.php" line="66" class="Tests\Feature\Playground\Admin\Resource\Http\Controllers\Playground\SettingRouteTest" classname="Tests.Feature.Playground.Admin.Resource.Http.Controllers.Playground.SettingRouteTest" assertions="3" time="0.171740"/>
        <testcase name="test_create_view_as_admin_with_invalid_parameter_and_fail_validation_and_redirect" file="/app/vendor/gammamatrix/playground-test/src/Feature/Http/Controllers/Resource/Playground/CreateTrait.php" line="90" class="Tests\Feature\Playground\Admin\Resource\Http\Controllers\Playground\SettingRouteTest" classname="Tests.Feature.Playground.Admin.Resource.Http.Controllers.Playground.SettingRouteTest" assertions="5" time="0.137059"/>
        <testcase name="test_json_guest_cannot_destroy" file="/app/vendor/gammamatrix/playground-test/src/Feature/Http/Controllers/Resource/Playground/DestroyJsonTrait.php" line="32" class="Tests\Feature\Playground\Admin\Resource\Http\Controllers\Playground\SettingRouteTest" classname="Tests.Feature.Playground.Admin.Resource.Http.Controllers.Playground.SettingRouteTest" assertions="3" time="0.147115"/>
        <testcase name="test_json_destroy_as_admin_and_succeed" file="/app/vendor/gammamatrix/playground-test/src/Feature/Http/Controllers/Resource/Playground/DestroyJsonTrait.php" line="62" class="Tests\Feature\Playground\Admin\Resource\Http\Controllers\Playground\SettingRouteTest" classname="Tests.Feature.Playground.Admin.Resource.Http.Controllers.Playground.SettingRouteTest" assertions="5" time="0.146398"/>
        <testcase name="test_json_destroy_as_admin_and_succeed_with_force_delete" file="/app/vendor/gammamatrix/playground-test/src/Feature/Http/Controllers/Resource/Playground/DestroyJsonTrait.php" line="101" class="Tests\Feature\Playground\Admin\Resource\Http\Controllers\Playground\SettingRouteTest" classname="Tests.Feature.Playground.Admin.Resource.Http.Controllers.Playground.SettingRouteTest" assertions="4" time="0.146238"/>
        <testcase name="test_json_destroy_as_admin_and_succeed_with_no_content" file="/app/vendor/gammamatrix/playground-test/src/Feature/Http/Controllers/Resource/Playground/DestroyJsonTrait.php" line="133" class="Tests\Feature\Playground\Admin\Resource\Http\Controllers\Playground\SettingRouteTest" classname="Tests.Feature.Playground.Admin.Resource.Http.Controllers.Playground.SettingRouteTest" assertions="5" time="0.149156"/>
        <testcase name="test_json_destroy_as_admin_and_succeed_and_ignore_redirect" file="/app/vendor/gammamatrix/playground-test/src/Feature/Http/Controllers/Resource/Playground/DestroyJsonTrait.php" line="168" class="Tests\Feature\Playground\Admin\Resource\Http\Controllers\Playground\SettingRouteTest" classname="Tests.Feature.Playground.Admin.Resource.Http.Controllers.Playground.SettingRouteTest" assertions="5" time="0.148858"/>
        <testcase name="test_json_destroy_as_user_and_get_denied_and_no_force_delete_allowed" file="/app/vendor/gammamatrix/playground-test/src/Feature/Http/Controllers/Resource/Playground/DestroyJsonTrait.php" line="210" class="Tests\Feature\Playground\Admin\Resource\Http\Controllers\Playground\SettingRouteTest" classname="Tests.Feature.Playground.Admin.Resource.Http.Controllers.Playground.SettingRouteTest" assertions="3" time="0.147072"/>
        <testcase name="test_guest_cannot_destroy" file="/app/vendor/gammamatrix/playground-test/src/Feature/Http/Controllers/Resource/Playground/DestroyTrait.php" line="32" class="Tests\Feature\Playground\Admin\Resource\Http\Controllers\Playground\SettingRouteTest" classname="Tests.Feature.Playground.Admin.Resource.Http.Controllers.Playground.SettingRouteTest" assertions="3" time="0.137875"/>
        <testcase name="test_destroy_as_admin_and_succeed" file="/app/vendor/gammamatrix/playground-test/src/Feature/Http/Controllers/Resource/Playground/DestroyTrait.php" line="62" class="Tests\Feature\Playground\Admin\Resource\Http\Controllers\Playground\SettingRouteTest" classname="Tests.Feature.Playground.Admin.Resource.Http.Controllers.Playground.SettingRouteTest" assertions="5" time="0.147523"/>
        <testcase name="test_destroy_as_admin_and_succeed_with_force_delete" file="/app/vendor/gammamatrix/playground-test/src/Feature/Http/Controllers/Resource/Playground/DestroyTrait.php" line="98" class="Tests\Feature\Playground\Admin\Resource\Http\Controllers\Playground\SettingRouteTest" classname="Tests.Feature.Playground.Admin.Resource.Http.Controllers.Playground.SettingRouteTest" assertions="4" time="0.161735"/>
        <testcase name="test_destroy_as_admin_and_succeed_with_redirect_to_index_with_trash" file="/app/vendor/gammamatrix/playground-test/src/Feature/Http/Controllers/Resource/Playground/DestroyTrait.php" line="130" class="Tests\Feature\Playground\Admin\Resource\Http\Controllers\Playground\SettingRouteTest" classname="Tests.Feature.Playground.Admin.Resource.Http.Controllers.Playground.SettingRouteTest" assertions="5" time="0.151407"/>
        <testcase name="test_destroy_as_user_and_get_denied_and_no_force_delete_allowed" file="/app/vendor/gammamatrix/playground-test/src/Feature/Http/Controllers/Resource/Playground/DestroyTrait.php" line="172" class="Tests\Feature\Playground\Admin\Resource\Http\Controllers\Playground\SettingRouteTest" classname="Tests.Feature.Playground.Admin.Resource.Http.Controllers.Playground.SettingRouteTest" assertions="3" time="0.158110"/>
        <testcase name="test_json_guest_cannot_get_edit_info" file="/app/vendor/gammamatrix/playground-test/src/Feature/Http/Controllers/Resource/Playground/EditJsonTrait.php" line="39" class="Tests\Feature\Playground\Admin\Resource\Http\Controllers\Playground\SettingRouteTest" classname="Tests.Feature.Playground.Admin.Resource.Http.Controllers.Playground.SettingRouteTest" assertions="1" time="0.138192"/>
        <testcase name="test_json_admin_can_get_edit_info" file="/app/vendor/gammamatrix/playground-test/src/Feature/Http/Controllers/Resource/Playground/EditJsonTrait.php" line="59" class="Tests\Feature\Playground\Admin\Resource\Http\Controllers\Playground\SettingRouteTest" classname="Tests.Feature.Playground.Admin.Resource.Http.Controllers.Playground.SettingRouteTest" assertions="4" time="0.163334"/>
        <testcase name="test_json_edit_as_admin_and_fail_validation_with_invalid_parameter" file="/app/vendor/gammamatrix/playground-test/src/Feature/Http/Controllers/Resource/Playground/EditJsonTrait.php" line="88" class="Tests\Feature\Playground\Admin\Resource\Http\Controllers\Playground\SettingRouteTest" classname="Tests.Feature.Playground.Admin.Resource.Http.Controllers.Playground.SettingRouteTest" assertions="4" time="0.150585"/>
        <testcase name="test_guest_cannot_render_edit_view" file="/app/vendor/gammamatrix/playground-test/src/Feature/Http/Controllers/Resource/Playground/EditTrait.php" line="34" class="Tests\Feature\Playground\Admin\Resource\Http\Controllers\Playground\SettingRouteTest" classname="Tests.Feature.Playground.Admin.Resource.Http.Controllers.Playground.SettingRouteTest" assertions="1" time="0.144054"/>
        <testcase name="test_admin_can_render_edit_view" file="/app/vendor/gammamatrix/playground-test/src/Feature/Http/Controllers/Resource/Playground/EditTrait.php" line="54" class="Tests\Feature\Playground\Admin\Resource\Http\Controllers\Playground\SettingRouteTest" classname="Tests.Feature.Playground.Admin.Resource.Http.Controllers.Playground.SettingRouteTest" assertions="2" time="0.195730"/>
        <testcase name="test_admin_can_render_edit_view_with_return_url" file="/app/vendor/gammamatrix/playground-test/src/Feature/Http/Controllers/Resource/Playground/EditTrait.php" line="78" class="Tests\Feature\Playground\Admin\Resource\Http\Controllers\Playground\SettingRouteTest" classname="Tests.Feature.Playground.Admin.Resource.Http.Controllers.Playground.SettingRouteTest" assertions="3" time="0.197008"/>
        <testcase name="test_edit_view_as_admin_with_invalid_parameter_and_fail_validation_and_redirect" file="/app/vendor/gammamatrix/playground-test/src/Feature/Http/Controllers/Resource/Playground/EditTrait.php" line="107" class="Tests\Feature\Playground\Admin\Resource\Http\Controllers\Playground\SettingRouteTest" classname="Tests.Feature.Playground.Admin.Resource.Http.Controllers.Playground.SettingRouteTest" assertions="4" time="0.154969"/>
        <testcase name="test_json_guest_cannot_get_index" file="/app/vendor/gammamatrix/playground-test/src/Feature/Http/Controllers/Resource/Playground/IndexJsonTrait.php" line="35" class="Tests\Feature\Playground\Admin\Resource\Http\Controllers\Playground\SettingRouteTest" classname="Tests.Feature.Playground.Admin.Resource.Http.Controllers.Playground.SettingRouteTest" assertions="1" time="0.142993"/>
        <testcase name="test_json_admin_can_get_index" file="/app/vendor/gammamatrix/playground-test/src/Feature/Http/Controllers/Resource/Playground/IndexJsonTrait.php" line="50" class="Tests\Feature\Playground\Admin\Resource\Http\Controllers\Playground\SettingRouteTest" classname="Tests.Feature.Playground.Admin.Resource.Http.Controllers.Playground.SettingRouteTest" assertions="56" time="0.166290"/>
        <testcase name="test_json_admin_can_get_index_with_filters" file="/app/vendor/gammamatrix/playground-test/src/Feature/Http/Controllers/Resource/Playground/IndexJsonTrait.php" line="86" class="Tests\Feature\Playground\Admin\Resource\Http\Controllers\Playground\SettingRouteTest" classname="Tests.Feature.Playground.Admin.Resource.Http.Controllers.Playground.SettingRouteTest" assertions="3" time="0.159325"/>
        <testcase name="test_guest_cannot_render_index_view" file="/app/vendor/gammamatrix/playground-test/src/Feature/Http/Controllers/Resource/Playground/IndexTrait.php" line="30" class="Tests\Feature\Playground\Admin\Resource\Http\Controllers\Playground\SettingRouteTest" classname="Tests.Feature.Playground.Admin.Resource.Http.Controllers.Playground.SettingRouteTest" assertions="1" time="0.137032"/>
        <testcase name="test_admin_can_render_index_view" file="/app/vendor/gammamatrix/playground-test/src/Feature/Http/Controllers/Resource/Playground/IndexTrait.php" line="45" class="Tests\Feature\Playground\Admin\Resource\Http\Controllers\Playground\SettingRouteTest" classname="Tests.Feature.Playground.Admin.Resource.Http.Controllers.Playground.SettingRouteTest" assertions="2" time="0.202831"/>
        <testcase name="test_admin_can_render_index_view_with_filters" file="/app/vendor/gammamatrix/playground-test/src/Feature/Http/Controllers/Resource/Playground/IndexTrait.php" line="78" class="Tests\Feature\Playground\Admin\Resource\Http\Controllers\Playground\SettingRouteTest" classname="Tests.Feature.Playground.Admin.Resource.Http.Controllers.Playground.SettingRouteTest" assertions="3" time="0.182145"/>
        <testcase name="test_json_guest_cannot_lock" file="/app/vendor/gammamatrix/playground-test/src/Feature/Http/Controllers/Resource/Playground/LockJsonTrait.php" line="37" class="Tests\Feature\Playground\Admin\Resource\Http\Controllers\Playground\SettingRouteTest" classname="Tests.Feature.Playground.Admin.Resource.Http.Controllers.Playground.SettingRouteTest" assertions="3" time="0.145323"/>
        <testcase name="test_json_lock_as_admin_and_succeed" file="/app/vendor/gammamatrix/playground-test/src/Feature/Http/Controllers/Resource/Playground/LockJsonTrait.php" line="67" class="Tests\Feature\Playground\Admin\Resource\Http\Controllers\Playground\SettingRouteTest" classname="Tests.Feature.Playground.Admin.Resource.Http.Controllers.Playground.SettingRouteTest" assertions="3" time="0.164565"/>
        <testcase name="test_json_lock_as_admin_and_succeed_with_no_redirect" file="/app/vendor/gammamatrix/playground-test/src/Feature/Http/Controllers/Resource/Playground/LockJsonTrait.php" line="99" class="Tests\Feature\Playground\Admin\Resource\Http\Controllers\Playground\SettingRouteTest" classname="Tests.Feature.Playground.Admin.Resource.Http.Controllers.Playground.SettingRouteTest" assertions="51" time="0.160382"/>
        <testcase name="test_json_lock_as_user_and_get_denied" file="/app/vendor/gammamatrix/playground-test/src/Feature/Http/Controllers/Resource/Playground/LockJsonTrait.php" line="144" class="Tests\Feature\Playground\Admin\Resource\Http\Controllers\Playground\SettingRouteTest" classname="Tests.Feature.Playground.Admin.Resource.Http.Controllers.Playground.SettingRouteTest" assertions="3" time="0.161828"/>
        <testcase name="test_guest_cannot_lock" file="/app/vendor/gammamatrix/playground-test/src/Feature/Http/Controllers/Resource/Playground/LockTrait.php" line="32" class="Tests\Feature\Playground\Admin\Resource\Http\Controllers\Playground\SettingRouteTest" classname="Tests.Feature.Playground.Admin.Resource.Http.Controllers.Playground.SettingRouteTest" assertions="3" time="0.142980"/>
        <testcase name="test_lock_as_admin_and_succeed" file="/app/vendor/gammamatrix/playground-test/src/Feature/Http/Controllers/Resource/Playground/LockTrait.php" line="62" class="Tests\Feature\Playground\Admin\Resource\Http\Controllers\Playground\SettingRouteTest" classname="Tests.Feature.Playground.Admin.Resource.Http.Controllers.Playground.SettingRouteTest" assertions="4" time="0.156977"/>
        <testcase name="test_lock_as_admin_and_succeed_with_redirect_to_index_with_sorted_by_locked_desc" file="/app/vendor/gammamatrix/playground-test/src/Feature/Http/Controllers/Resource/Playground/LockTrait.php" line="96" class="Tests\Feature\Playground\Admin\Resource\Http\Controllers\Playground\SettingRouteTest" classname="Tests.Feature.Playground.Admin.Resource.Http.Controllers.Playground.SettingRouteTest" assertions="4" time="0.156480"/>
        <testcase name="test_lock_as_user_and_get_denied" file="/app/vendor/gammamatrix/playground-test/src/Feature/Http/Controllers/Resource/Playground/LockTrait.php" line="133" class="Tests\Feature\Playground\Admin\Resource\Http\Controllers\Playground\SettingRouteTest" classname="Tests.Feature.Playground.Admin.Resource.Http.Controllers.Playground.SettingRouteTest" assertions="3" time="0.150560"/>
        <testcase name="test_json_guest_cannot_restore" file="/app/vendor/gammamatrix/playground-test/src/Feature/Http/Controllers/Resource/Playground/RestoreJsonTrait.php" line="33" class="Tests\Feature\Playground\Admin\Resource\Http\Controllers\Playground\SettingRouteTest" classname="Tests.Feature.Playground.Admin.Resource.Http.Controllers.Playground.SettingRouteTest" assertions="3" time="0.143202"/>
        <testcase name="test_json_restore_as_admin_and_succeed" file="/app/vendor/gammamatrix/playground-test/src/Feature/Http/Controllers/Resource/Playground/RestoreJsonTrait.php" line="65" class="Tests\Feature\Playground\Admin\Resource\Http\Controllers\Playground\SettingRouteTest" classname="Tests.Feature.Playground.Admin.Resource.Http.Controllers.Playground.SettingRouteTest" assertions="51" time="0.163220"/>
        <testcase name="test_json_restore_as_admin_and_succeed_with_no_redirect" file="/app/vendor/gammamatrix/playground-test/src/Feature/Http/Controllers/Resource/Playground/RestoreJsonTrait.php" line="101" class="Tests\Feature\Playground\Admin\Resource\Http\Controllers\Playground\SettingRouteTest" classname="Tests.Feature.Playground.Admin.Resource.Http.Controllers.Playground.SettingRouteTest" assertions="51" time="0.169299"/>
        <testcase name="test_json_restore_as_user_and_get_denied" file="/app/vendor/gammamatrix/playground-test/src/Feature/Http/Controllers/Resource/Playground/RestoreJsonTrait.php" line="144" class="Tests\Feature\Playground\Admin\Resource\Http\Controllers\Playground\SettingRouteTest" classname="Tests.Feature.Playground.Admin.Resource.Http.Controllers.Playground.SettingRouteTest" assertions="3" time="0.152125"/>
        <testcase name="test_guest_cannot_restore" file="/app/vendor/gammamatrix/playground-test/src/Feature/Http/Controllers/Resource/Playground/RestoreTrait.php" line="33" class="Tests\Feature\Playground\Admin\Resource\Http\Controllers\Playground\SettingRouteTest" classname="Tests.Feature.Playground.Admin.Resource.Http.Controllers.Playground.SettingRouteTest" assertions="3" time="0.149223"/>
        <testcase name="test_restore_as_admin_and_succeed" file="/app/vendor/gammamatrix/playground-test/src/Feature/Http/Controllers/Resource/Playground/RestoreTrait.php" line="65" class="Tests\Feature\Playground\Admin\Resource\Http\Controllers\Playground\SettingRouteTest" classname="Tests.Feature.Playground.Admin.Resource.Http.Controllers.Playground.SettingRouteTest" assertions="4" time="0.159201"/>
        <testcase name="test_restore_as_admin_and_succeed_with_redirect_to_index_with_only_trash" file="/app/vendor/gammamatrix/playground-test/src/Feature/Http/Controllers/Resource/Playground/RestoreTrait.php" line="101" class="Tests\Feature\Playground\Admin\Resource\Http\Controllers\Playground\SettingRouteTest" classname="Tests.Feature.Playground.Admin.Resource.Http.Controllers.Playground.SettingRouteTest" assertions="4" time="0.167084"/>
        <testcase name="test_restore_as_user_and_get_denied" file="/app/vendor/gammamatrix/playground-test/src/Feature/Http/Controllers/Resource/Playground/RestoreTrait.php" line="147" class="Tests\Feature\Playground\Admin\Resource\Http\Controllers\Playground\SettingRouteTest" classname="Tests.Feature.Playground.Admin.Resource.Http.Controllers.Playground.SettingRouteTest" assertions="3" time="0.154353"/>
        <testcase name="test_json_guest_cannot_see_info" file="/app/vendor/gammamatrix/playground-test/src/Feature/Http/Controllers/Resource/Playground/ShowJsonTrait.php" line="30" class="Tests\Feature\Playground\Admin\Resource\Http\Controllers\Playground\SettingRouteTest" classname="Tests.Feature.Playground.Admin.Resource.Http.Controllers.Playground.SettingRouteTest" assertions="1" time="0.142187"/>
        <testcase name="test_json_show_info_for_admin" file="/app/vendor/gammamatrix/playground-test/src/Feature/Http/Controllers/Resource/Playground/ShowJsonTrait.php" line="50" class="Tests\Feature\Playground\Admin\Resource\Http\Controllers\Playground\SettingRouteTest" classname="Tests.Feature.Playground.Admin.Resource.Http.Controllers.Playground.SettingRouteTest" assertions="50" time="0.158351"/>
        <testcase name="test_guest_cannot_render_show_view" file="/app/vendor/gammamatrix/playground-test/src/Feature/Http/Controllers/Resource/Playground/ShowTrait.php" line="30" class="Tests\Feature\Playground\Admin\Resource\Http\Controllers\Playground\SettingRouteTest" classname="Tests.Feature.Playground.Admin.Resource.Http.Controllers.Playground.SettingRouteTest" assertions="1" time="0.145150"/>
        <testcase name="test_show_view_rendered_by_admin" file="/app/vendor/gammamatrix/playground-test/src/Feature/Http/Controllers/Resource/Playground/ShowTrait.php" line="50" class="Tests\Feature\Playground\Admin\Resource\Http\Controllers\Playground\SettingRouteTest" classname="Tests.Feature.Playground.Admin.Resource.Http.Controllers.Playground.SettingRouteTest" assertions="2" time="0.179304"/>
        <testcase name="test_json_guest_cannot_store" file="/app/vendor/gammamatrix/playground-test/src/Feature/Http/Controllers/Resource/Playground/StoreJsonTrait.php" line="44" class="Tests\Feature\Playground\Admin\Resource\Http\Controllers\Playground\SettingRouteTest" classname="Tests.Feature.Playground.Admin.Resource.Http.Controllers.Playground.SettingRouteTest" assertions="3" time="0.144205"/>
        <testcase name="test_json_store_as_admin_without_payload_and_fail_validation" file="/app/vendor/gammamatrix/playground-test/src/Feature/Http/Controllers/Resource/Playground/StoreJsonTrait.php" line="67" class="Tests\Feature\Playground\Admin\Resource\Http\Controllers\Playground\SettingRouteTest" classname="Tests.Feature.Playground.Admin.Resource.Http.Controllers.Playground.SettingRouteTest" assertions="5" time="0.158174"/>
        <testcase name="test_json_store_as_admin_and_succeed" file="/app/vendor/gammamatrix/playground-test/src/Feature/Http/Controllers/Resource/Playground/StoreJsonTrait.php" line="93" class="Tests\Feature\Playground\Admin\Resource\Http\Controllers\Playground\SettingRouteTest" classname="Tests.Feature.Playground.Admin.Resource.Http.Controllers.Playground.SettingRouteTest" assertions="3" time="0.203801"/>
        <testcase name="test_guest_cannot_store" file="/app/vendor/gammamatrix/playground-test/src/Feature/Http/Controllers/Resource/Playground/StoreTrait.php" line="39" class="Tests\Feature\Playground\Admin\Resource\Http\Controllers\Playground\SettingRouteTest" classname="Tests.Feature.Playground.Admin.Resource.Http.Controllers.Playground.SettingRouteTest" assertions="3" time="0.140008"/>
        <testcase name="test_store_as_admin_without_payload_and_fail_validation" file="/app/vendor/gammamatrix/playground-test/src/Feature/Http/Controllers/Resource/Playground/StoreTrait.php" line="62" class="Tests\Feature\Playground\Admin\Resource\Http\Controllers\Playground\SettingRouteTest" classname="Tests.Feature.Playground.Admin.Resource.Http.Controllers.Playground.SettingRouteTest" assertions="5" time="0.151773"/>
        <testcase name="test_store_as_admin_and_succeed" file="/app/vendor/gammamatrix/playground-test/src/Feature/Http/Controllers/Resource/Playground/StoreTrait.php" line="91" class="Tests\Feature\Playground\Admin\Resource\Http\Controllers\Playground\SettingRouteTest" classname="Tests.Feature.Playground.Admin.Resource.Http.Controllers.Playground.SettingRouteTest" assertions="4" time="0.177638"/>
        <testcase name="test_store_as_admin_and_succeed_with_return_url" file="/app/vendor/gammamatrix/playground-test/src/Feature/Http/Controllers/Resource/Playground/StoreTrait.php" line="136" class="Tests\Feature\Playground\Admin\Resource\Http\Controllers\Playground\SettingRouteTest" classname="Tests.Feature.Playground.Admin.Resource.Http.Controllers.Playground.SettingRouteTest" assertions="4" time="0.176661"/>
        <testcase name="test_json_guest_cannot_unlock" file="/app/vendor/gammamatrix/playground-test/src/Feature/Http/Controllers/Resource/Playground/UnlockJsonTrait.php" line="37" class="Tests\Feature\Playground\Admin\Resource\Http\Controllers\Playground\SettingRouteTest" classname="Tests.Feature.Playground.Admin.Resource.Http.Controllers.Playground.SettingRouteTest" assertions="3" time="0.147584"/>
        <testcase name="test_json_unlock_as_admin_and_succeed" file="/app/vendor/gammamatrix/playground-test/src/Feature/Http/Controllers/Resource/Playground/UnlockJsonTrait.php" line="69" class="Tests\Feature\Playground\Admin\Resource\Http\Controllers\Playground\SettingRouteTest" classname="Tests.Feature.Playground.Admin.Resource.Http.Controllers.Playground.SettingRouteTest" assertions="51" time="0.172052"/>
        <testcase name="test_json_unlock_as_admin_and_succeed_with_no_redirect" file="/app/vendor/gammamatrix/playground-test/src/Feature/Http/Controllers/Resource/Playground/UnlockJsonTrait.php" line="105" class="Tests\Feature\Playground\Admin\Resource\Http\Controllers\Playground\SettingRouteTest" classname="Tests.Feature.Playground.Admin.Resource.Http.Controllers.Playground.SettingRouteTest" assertions="51" time="0.173185"/>
        <testcase name="test_json_unlock_as_user_and_get_denied" file="/app/vendor/gammamatrix/playground-test/src/Feature/Http/Controllers/Resource/Playground/UnlockJsonTrait.php" line="146" class="Tests\Feature\Playground\Admin\Resource\Http\Controllers\Playground\SettingRouteTest" classname="Tests.Feature.Playground.Admin.Resource.Http.Controllers.Playground.SettingRouteTest" assertions="3" time="0.161724"/>
        <testcase name="test_guest_cannot_unlock" file="/app/vendor/gammamatrix/playground-test/src/Feature/Http/Controllers/Resource/Playground/UnlockTrait.php" line="37" class="Tests\Feature\Playground\Admin\Resource\Http\Controllers\Playground\SettingRouteTest" classname="Tests.Feature.Playground.Admin.Resource.Http.Controllers.Playground.SettingRouteTest" assertions="3" time="0.154384"/>
        <testcase name="test_unlock_as_admin_and_succeed" file="/app/vendor/gammamatrix/playground-test/src/Feature/Http/Controllers/Resource/Playground/UnlockTrait.php" line="69" class="Tests\Feature\Playground\Admin\Resource\Http\Controllers\Playground\SettingRouteTest" classname="Tests.Feature.Playground.Admin.Resource.Http.Controllers.Playground.SettingRouteTest" assertions="4" time="0.162359"/>
        <testcase name="test_unlock_as_admin_and_succeed_with_redirect_to_index_with_sorted_by_unlocked_desc" file="/app/vendor/gammamatrix/playground-test/src/Feature/Http/Controllers/Resource/Playground/UnlockTrait.php" line="110" class="Tests\Feature\Playground\Admin\Resource\Http\Controllers\Playground\SettingRouteTest" classname="Tests.Feature.Playground.Admin.Resource.Http.Controllers.Playground.SettingRouteTest" assertions="4" time="0.163477"/>
        <testcase name="test_unlock_as_user_and_get_denied" file="/app/vendor/gammamatrix/playground-test/src/Feature/Http/Controllers/Resource/Playground/UnlockTrait.php" line="149" class="Tests\Feature\Playground\Admin\Resource\Http\Controllers\Playground\SettingRouteTest" classname="Tests.Feature.Playground.Admin.Resource.Http.Controllers.Playground.SettingRouteTest" assertions="3" time="0.159514"/>
        <testcase name="test_json_guest_cannot_update" file="/app/vendor/gammamatrix/playground-test/src/Feature/Http/Controllers/Resource/Playground/UpdateJsonTrait.php" line="46" class="Tests\Feature\Playground\Admin\Resource\Http\Controllers\Playground\SettingRouteTest" classname="Tests.Feature.Playground.Admin.Resource.Http.Controllers.Playground.SettingRouteTest" assertions="1" time="0.146610"/>
        <testcase name="test_json_update_as_admin_without_payload_and_passes_validation" file="/app/vendor/gammamatrix/playground-test/src/Feature/Http/Controllers/Resource/Playground/UpdateJsonTrait.php" line="66" class="Tests\Feature\Playground\Admin\Resource\Http\Controllers\Playground\SettingRouteTest" classname="Tests.Feature.Playground.Admin.Resource.Http.Controllers.Playground.SettingRouteTest" assertions="2" time="0.180218"/>
        <testcase name="test_json_admin_can_update" file="/app/vendor/gammamatrix/playground-test/src/Feature/Http/Controllers/Resource/Playground/UpdateJsonTrait.php" line="114" class="Tests\Feature\Playground\Admin\Resource\Http\Controllers\Playground\SettingRouteTest" classname="Tests.Feature.Playground.Admin.Resource.Http.Controllers.Playground.SettingRouteTest" assertions="53" time="0.207369"/>
        <testcase name="test_guest_cannot_update" file="/app/vendor/gammamatrix/playground-test/src/Feature/Http/Controllers/Resource/Playground/UpdateTrait.php" line="46" class="Tests\Feature\Playground\Admin\Resource\Http\Controllers\Playground\SettingRouteTest" classname="Tests.Feature.Playground.Admin.Resource.Http.Controllers.Playground.SettingRouteTest" assertions="1" time="0.149066"/>
        <testcase name="test_update_as_admin_without_payload_and_passes_validation" file="/app/vendor/gammamatrix/playground-test/src/Feature/Http/Controllers/Resource/Playground/UpdateTrait.php" line="66" class="Tests\Feature\Playground\Admin\Resource\Http\Controllers\Playground\SettingRouteTest" classname="Tests.Feature.Playground.Admin.Resource.Http.Controllers.Playground.SettingRouteTest" assertions="3" time="0.174769"/>
        <testcase name="test_admin_can_update" file="/app/vendor/gammamatrix/playground-test/src/Feature/Http/Controllers/Resource/Playground/UpdateTrait.php" line="117" class="Tests\Feature\Playground\Admin\Resource\Http\Controllers\Playground\SettingRouteTest" classname="Tests.Feature.Playground.Admin.Resource.Http.Controllers.Playground.SettingRouteTest" assertions="6" time="0.199988"/>
        <testcase name="test_admin_can_update_view_with_return_url" file="/app/vendor/gammamatrix/playground-test/src/Feature/Http/Controllers/Resource/Playground/UpdateTrait.php" line="160" class="Tests\Feature\Playground\Admin\Resource\Http\Controllers\Playground\SettingRouteTest" classname="Tests.Feature.Playground.Admin.Resource.Http.Controllers.Playground.SettingRouteTest" assertions="6" time="0.199992"/>
      </testsuite>
      <testsuite name="Tests\Feature\Playground\Admin\Resource\Http\Controllers\Playground\UserRouteTest" file="/app/tests/Feature/Http/Controllers/Playground/UserRouteTest.php" tests="73" assertions="551" errors="0" failures="0" skipped="0" time="11.190753">
        <testcase name="test_json_guest_cannot_get_create_info" file="/app/vendor/gammamatrix/playground-test/src/Feature/Http/Controllers/Resource/Playground/CreateJsonTrait.php" line="39" class="Tests\Feature\Playground\Admin\Resource\Http\Controllers\Playground\UserRouteTest" classname="Tests.Feature.Playground.Admin.Resource.Http.Controllers.Playground.UserRouteTest" assertions="1" time="0.123709"/>
        <testcase name="test_json_admin_can_get_create_info" file="/app/vendor/gammamatrix/playground-test/src/Feature/Http/Controllers/Resource/Playground/CreateJsonTrait.php" line="54" class="Tests\Feature\Playground\Admin\Resource\Http\Controllers\Playground\UserRouteTest" classname="Tests.Feature.Playground.Admin.Resource.Http.Controllers.Playground.UserRouteTest" assertions="33" time="0.140254"/>
        <testcase name="test_json_get_create_info_as_admin_with_invalid_parameter_and_fail_validation" file="/app/vendor/gammamatrix/playground-test/src/Feature/Http/Controllers/Resource/Playground/CreateJsonTrait.php" line="74" class="Tests\Feature\Playground\Admin\Resource\Http\Controllers\Playground\UserRouteTest" classname="Tests.Feature.Playground.Admin.Resource.Http.Controllers.Playground.UserRouteTest" assertions="4" time="0.141253"/>
        <testcase name="test_guest_cannot_render_create_view" file="/app/vendor/gammamatrix/playground-test/src/Feature/Http/Controllers/Resource/Playground/CreateTrait.php" line="34" class="Tests\Feature\Playground\Admin\Resource\Http\Controllers\Playground\UserRouteTest" classname="Tests.Feature.Playground.Admin.Resource.Http.Controllers.Playground.UserRouteTest" assertions="1" time="0.123801"/>
        <testcase name="test_admin_can_render_create_view" file="/app/vendor/gammamatrix/playground-test/src/Feature/Http/Controllers/Resource/Playground/CreateTrait.php" line="48" class="Tests\Feature\Playground\Admin\Resource\Http\Controllers\Playground\UserRouteTest" classname="Tests.Feature.Playground.Admin.Resource.Http.Controllers.Playground.UserRouteTest" assertions="2" time="0.183003"/>
        <testcase name="test_admin_can_render_create_view_with_return_url" file="/app/vendor/gammamatrix/playground-test/src/Feature/Http/Controllers/Resource/Playground/CreateTrait.php" line="66" class="Tests\Feature\Playground\Admin\Resource\Http\Controllers\Playground\UserRouteTest" classname="Tests.Feature.Playground.Admin.Resource.Http.Controllers.Playground.UserRouteTest" assertions="3" time="0.168951"/>
        <testcase name="test_create_view_as_admin_with_invalid_parameter_and_fail_validation_and_redirect" file="/app/vendor/gammamatrix/playground-test/src/Feature/Http/Controllers/Resource/Playground/CreateTrait.php" line="90" class="Tests\Feature\Playground\Admin\Resource\Http\Controllers\Playground\UserRouteTest" classname="Tests.Feature.Playground.Admin.Resource.Http.Controllers.Playground.UserRouteTest" assertions="5" time="0.136768"/>
        <testcase name="test_json_guest_cannot_destroy" file="/app/vendor/gammamatrix/playground-test/src/Feature/Http/Controllers/Resource/Playground/DestroyJsonTrait.php" line="32" class="Tests\Feature\Playground\Admin\Resource\Http\Controllers\Playground\UserRouteTest" classname="Tests.Feature.Playground.Admin.Resource.Http.Controllers.Playground.UserRouteTest" assertions="3" time="0.133060"/>
        <testcase name="test_json_destroy_as_admin_and_succeed" file="/app/vendor/gammamatrix/playground-test/src/Feature/Http/Controllers/Resource/Playground/DestroyJsonTrait.php" line="62" class="Tests\Feature\Playground\Admin\Resource\Http\Controllers\Playground\UserRouteTest" classname="Tests.Feature.Playground.Admin.Resource.Http.Controllers.Playground.UserRouteTest" assertions="5" time="0.141102"/>
        <testcase name="test_json_destroy_as_admin_and_succeed_with_force_delete" file="/app/vendor/gammamatrix/playground-test/src/Feature/Http/Controllers/Resource/Playground/DestroyJsonTrait.php" line="101" class="Tests\Feature\Playground\Admin\Resource\Http\Controllers\Playground\UserRouteTest" classname="Tests.Feature.Playground.Admin.Resource.Http.Controllers.Playground.UserRouteTest" assertions="4" time="0.141645"/>
        <testcase name="test_json_destroy_as_admin_and_succeed_with_no_content" file="/app/vendor/gammamatrix/playground-test/src/Feature/Http/Controllers/Resource/Playground/DestroyJsonTrait.php" line="133" class="Tests\Feature\Playground\Admin\Resource\Http\Controllers\Playground\UserRouteTest" classname="Tests.Feature.Playground.Admin.Resource.Http.Controllers.Playground.UserRouteTest" assertions="5" time="0.148523"/>
        <testcase name="test_json_destroy_as_admin_and_succeed_and_ignore_redirect" file="/app/vendor/gammamatrix/playground-test/src/Feature/Http/Controllers/Resource/Playground/DestroyJsonTrait.php" line="168" class="Tests\Feature\Playground\Admin\Resource\Http\Controllers\Playground\UserRouteTest" classname="Tests.Feature.Playground.Admin.Resource.Http.Controllers.Playground.UserRouteTest" assertions="5" time="0.142952"/>
        <testcase name="test_json_destroy_as_user_and_get_denied_and_no_force_delete_allowed" file="/app/vendor/gammamatrix/playground-test/src/Feature/Http/Controllers/Resource/Playground/DestroyJsonTrait.php" line="210" class="Tests\Feature\Playground\Admin\Resource\Http\Controllers\Playground\UserRouteTest" classname="Tests.Feature.Playground.Admin.Resource.Http.Controllers.Playground.UserRouteTest" assertions="3" time="0.138003"/>
        <testcase name="test_guest_cannot_destroy" file="/app/vendor/gammamatrix/playground-test/src/Feature/Http/Controllers/Resource/Playground/DestroyTrait.php" line="32" class="Tests\Feature\Playground\Admin\Resource\Http\Controllers\Playground\UserRouteTest" classname="Tests.Feature.Playground.Admin.Resource.Http.Controllers.Playground.UserRouteTest" assertions="3" time="0.138250"/>
        <testcase name="test_destroy_as_admin_and_succeed" file="/app/vendor/gammamatrix/playground-test/src/Feature/Http/Controllers/Resource/Playground/DestroyTrait.php" line="62" class="Tests\Feature\Playground\Admin\Resource\Http\Controllers\Playground\UserRouteTest" classname="Tests.Feature.Playground.Admin.Resource.Http.Controllers.Playground.UserRouteTest" assertions="5" time="0.142485"/>
        <testcase name="test_destroy_as_admin_and_succeed_with_force_delete" file="/app/vendor/gammamatrix/playground-test/src/Feature/Http/Controllers/Resource/Playground/DestroyTrait.php" line="98" class="Tests\Feature\Playground\Admin\Resource\Http\Controllers\Playground\UserRouteTest" classname="Tests.Feature.Playground.Admin.Resource.Http.Controllers.Playground.UserRouteTest" assertions="4" time="0.143058"/>
        <testcase name="test_destroy_as_admin_and_succeed_with_redirect_to_index_with_trash" file="/app/vendor/gammamatrix/playground-test/src/Feature/Http/Controllers/Resource/Playground/DestroyTrait.php" line="130" class="Tests\Feature\Playground\Admin\Resource\Http\Controllers\Playground\UserRouteTest" classname="Tests.Feature.Playground.Admin.Resource.Http.Controllers.Playground.UserRouteTest" assertions="5" time="0.143992"/>
        <testcase name="test_destroy_as_user_and_get_denied_and_no_force_delete_allowed" file="/app/vendor/gammamatrix/playground-test/src/Feature/Http/Controllers/Resource/Playground/DestroyTrait.php" line="172" class="Tests\Feature\Playground\Admin\Resource\Http\Controllers\Playground\UserRouteTest" classname="Tests.Feature.Playground.Admin.Resource.Http.Controllers.Playground.UserRouteTest" assertions="3" time="0.142782"/>
        <testcase name="test_json_guest_cannot_get_edit_info" file="/app/vendor/gammamatrix/playground-test/src/Feature/Http/Controllers/Resource/Playground/EditJsonTrait.php" line="39" class="Tests\Feature\Playground\Admin\Resource\Http\Controllers\Playground\UserRouteTest" classname="Tests.Feature.Playground.Admin.Resource.Http.Controllers.Playground.UserRouteTest" assertions="1" time="0.136762"/>
        <testcase name="test_json_admin_can_get_edit_info" file="/app/vendor/gammamatrix/playground-test/src/Feature/Http/Controllers/Resource/Playground/EditJsonTrait.php" line="59" class="Tests\Feature\Playground\Admin\Resource\Http\Controllers\Playground\UserRouteTest" classname="Tests.Feature.Playground.Admin.Resource.Http.Controllers.Playground.UserRouteTest" assertions="4" time="0.150689"/>
        <testcase name="test_json_edit_as_admin_and_fail_validation_with_invalid_parameter" file="/app/vendor/gammamatrix/playground-test/src/Feature/Http/Controllers/Resource/Playground/EditJsonTrait.php" line="88" class="Tests\Feature\Playground\Admin\Resource\Http\Controllers\Playground\UserRouteTest" classname="Tests.Feature.Playground.Admin.Resource.Http.Controllers.Playground.UserRouteTest" assertions="4" time="0.147479"/>
        <testcase name="test_guest_cannot_render_edit_view" file="/app/vendor/gammamatrix/playground-test/src/Feature/Http/Controllers/Resource/Playground/EditTrait.php" line="34" class="Tests\Feature\Playground\Admin\Resource\Http\Controllers\Playground\UserRouteTest" classname="Tests.Feature.Playground.Admin.Resource.Http.Controllers.Playground.UserRouteTest" assertions="1" time="0.136827"/>
        <testcase name="test_admin_can_render_edit_view" file="/app/vendor/gammamatrix/playground-test/src/Feature/Http/Controllers/Resource/Playground/EditTrait.php" line="54" class="Tests\Feature\Playground\Admin\Resource\Http\Controllers\Playground\UserRouteTest" classname="Tests.Feature.Playground.Admin.Resource.Http.Controllers.Playground.UserRouteTest" assertions="2" time="0.187446"/>
        <testcase name="test_admin_can_render_edit_view_with_return_url" file="/app/vendor/gammamatrix/playground-test/src/Feature/Http/Controllers/Resource/Playground/EditTrait.php" line="78" class="Tests\Feature\Playground\Admin\Resource\Http\Controllers\Playground\UserRouteTest" classname="Tests.Feature.Playground.Admin.Resource.Http.Controllers.Playground.UserRouteTest" assertions="3" time="0.183651"/>
        <testcase name="test_edit_view_as_admin_with_invalid_parameter_and_fail_validation_and_redirect" file="/app/vendor/gammamatrix/playground-test/src/Feature/Http/Controllers/Resource/Playground/EditTrait.php" line="107" class="Tests\Feature\Playground\Admin\Resource\Http\Controllers\Playground\UserRouteTest" classname="Tests.Feature.Playground.Admin.Resource.Http.Controllers.Playground.UserRouteTest" assertions="4" time="0.148885"/>
        <testcase name="test_json_guest_cannot_get_index" file="/app/vendor/gammamatrix/playground-test/src/Feature/Http/Controllers/Resource/Playground/IndexJsonTrait.php" line="35" class="Tests\Feature\Playground\Admin\Resource\Http\Controllers\Playground\UserRouteTest" classname="Tests.Feature.Playground.Admin.Resource.Http.Controllers.Playground.UserRouteTest" assertions="1" time="0.135806"/>
        <testcase name="test_json_admin_can_get_index" file="/app/vendor/gammamatrix/playground-test/src/Feature/Http/Controllers/Resource/Playground/IndexJsonTrait.php" line="50" class="Tests\Feature\Playground\Admin\Resource\Http\Controllers\Playground\UserRouteTest" classname="Tests.Feature.Playground.Admin.Resource.Http.Controllers.Playground.UserRouteTest" assertions="69" time="0.155709"/>
        <testcase name="test_json_admin_can_get_index_with_filters" file="/app/vendor/gammamatrix/playground-test/src/Feature/Http/Controllers/Resource/Playground/IndexJsonTrait.php" line="86" class="Tests\Feature\Playground\Admin\Resource\Http\Controllers\Playground\UserRouteTest" classname="Tests.Feature.Playground.Admin.Resource.Http.Controllers.Playground.UserRouteTest" assertions="3" time="0.153411"/>
        <testcase name="test_guest_cannot_render_index_view" file="/app/vendor/gammamatrix/playground-test/src/Feature/Http/Controllers/Resource/Playground/IndexTrait.php" line="30" class="Tests\Feature\Playground\Admin\Resource\Http\Controllers\Playground\UserRouteTest" classname="Tests.Feature.Playground.Admin.Resource.Http.Controllers.Playground.UserRouteTest" assertions="1" time="0.135479"/>
        <testcase name="test_admin_can_render_index_view" file="/app/vendor/gammamatrix/playground-test/src/Feature/Http/Controllers/Resource/Playground/IndexTrait.php" line="45" class="Tests\Feature\Playground\Admin\Resource\Http\Controllers\Playground\UserRouteTest" classname="Tests.Feature.Playground.Admin.Resource.Http.Controllers.Playground.UserRouteTest" assertions="2" time="0.185845"/>
        <testcase name="test_admin_can_render_index_view_with_filters" file="/app/vendor/gammamatrix/playground-test/src/Feature/Http/Controllers/Resource/Playground/IndexTrait.php" line="78" class="Tests\Feature\Playground\Admin\Resource\Http\Controllers\Playground\UserRouteTest" classname="Tests.Feature.Playground.Admin.Resource.Http.Controllers.Playground.UserRouteTest" assertions="3" time="0.173236"/>
        <testcase name="test_json_guest_cannot_lock" file="/app/vendor/gammamatrix/playground-test/src/Feature/Http/Controllers/Resource/Playground/LockJsonTrait.php" line="37" class="Tests\Feature\Playground\Admin\Resource\Http\Controllers\Playground\UserRouteTest" classname="Tests.Feature.Playground.Admin.Resource.Http.Controllers.Playground.UserRouteTest" assertions="3" time="0.138486"/>
        <testcase name="test_json_lock_as_admin_and_succeed" file="/app/vendor/gammamatrix/playground-test/src/Feature/Http/Controllers/Resource/Playground/LockJsonTrait.php" line="67" class="Tests\Feature\Playground\Admin\Resource\Http\Controllers\Playground\UserRouteTest" classname="Tests.Feature.Playground.Admin.Resource.Http.Controllers.Playground.UserRouteTest" assertions="3" time="0.153420"/>
        <testcase name="test_json_lock_as_admin_and_succeed_with_no_redirect" file="/app/vendor/gammamatrix/playground-test/src/Feature/Http/Controllers/Resource/Playground/LockJsonTrait.php" line="99" class="Tests\Feature\Playground\Admin\Resource\Http\Controllers\Playground\UserRouteTest" classname="Tests.Feature.Playground.Admin.Resource.Http.Controllers.Playground.UserRouteTest" assertions="35" time="0.169002"/>
        <testcase name="test_json_lock_as_user_and_get_denied" file="/app/vendor/gammamatrix/playground-test/src/Feature/Http/Controllers/Resource/Playground/LockJsonTrait.php" line="144" class="Tests\Feature\Playground\Admin\Resource\Http\Controllers\Playground\UserRouteTest" classname="Tests.Feature.Playground.Admin.Resource.Http.Controllers.Playground.UserRouteTest" assertions="3" time="0.145229"/>
        <testcase name="test_guest_cannot_lock" file="/app/vendor/gammamatrix/playground-test/src/Feature/Http/Controllers/Resource/Playground/LockTrait.php" line="32" class="Tests\Feature\Playground\Admin\Resource\Http\Controllers\Playground\UserRouteTest" classname="Tests.Feature.Playground.Admin.Resource.Http.Controllers.Playground.UserRouteTest" assertions="3" time="0.138172"/>
        <testcase name="test_lock_as_admin_and_succeed" file="/app/vendor/gammamatrix/playground-test/src/Feature/Http/Controllers/Resource/Playground/LockTrait.php" line="62" class="Tests\Feature\Playground\Admin\Resource\Http\Controllers\Playground\UserRouteTest" classname="Tests.Feature.Playground.Admin.Resource.Http.Controllers.Playground.UserRouteTest" assertions="4" time="0.151480"/>
        <testcase name="test_lock_as_admin_and_succeed_with_redirect_to_index_with_sorted_by_locked_desc" file="/app/vendor/gammamatrix/playground-test/src/Feature/Http/Controllers/Resource/Playground/LockTrait.php" line="96" class="Tests\Feature\Playground\Admin\Resource\Http\Controllers\Playground\UserRouteTest" classname="Tests.Feature.Playground.Admin.Resource.Http.Controllers.Playground.UserRouteTest" assertions="4" time="0.158271"/>
        <testcase name="test_lock_as_user_and_get_denied" file="/app/vendor/gammamatrix/playground-test/src/Feature/Http/Controllers/Resource/Playground/LockTrait.php" line="133" class="Tests\Feature\Playground\Admin\Resource\Http\Controllers\Playground\UserRouteTest" classname="Tests.Feature.Playground.Admin.Resource.Http.Controllers.Playground.UserRouteTest" assertions="3" time="0.153565"/>
        <testcase name="test_json_guest_cannot_restore" file="/app/vendor/gammamatrix/playground-test/src/Feature/Http/Controllers/Resource/Playground/RestoreJsonTrait.php" line="33" class="Tests\Feature\Playground\Admin\Resource\Http\Controllers\Playground\UserRouteTest" classname="Tests.Feature.Playground.Admin.Resource.Http.Controllers.Playground.UserRouteTest" assertions="3" time="0.141254"/>
        <testcase name="test_json_restore_as_admin_and_succeed" file="/app/vendor/gammamatrix/playground-test/src/Feature/Http/Controllers/Resource/Playground/RestoreJsonTrait.php" line="65" class="Tests\Feature\Playground\Admin\Resource\Http\Controllers\Playground\UserRouteTest" classname="Tests.Feature.Playground.Admin.Resource.Http.Controllers.Playground.UserRouteTest" assertions="35" time="0.156113"/>
        <testcase name="test_json_restore_as_admin_and_succeed_with_no_redirect" file="/app/vendor/gammamatrix/playground-test/src/Feature/Http/Controllers/Resource/Playground/RestoreJsonTrait.php" line="101" class="Tests\Feature\Playground\Admin\Resource\Http\Controllers\Playground\UserRouteTest" classname="Tests.Feature.Playground.Admin.Resource.Http.Controllers.Playground.UserRouteTest" assertions="35" time="0.158304"/>
        <testcase name="test_json_restore_as_user_and_get_denied" file="/app/vendor/gammamatrix/playground-test/src/Feature/Http/Controllers/Resource/Playground/RestoreJsonTrait.php" line="144" class="Tests\Feature\Playground\Admin\Resource\Http\Controllers\Playground\UserRouteTest" classname="Tests.Feature.Playground.Admin.Resource.Http.Controllers.Playground.UserRouteTest" assertions="3" time="0.150037"/>
        <testcase name="test_guest_cannot_restore" file="/app/vendor/gammamatrix/playground-test/src/Feature/Http/Controllers/Resource/Playground/RestoreTrait.php" line="33" class="Tests\Feature\Playground\Admin\Resource\Http\Controllers\Playground\UserRouteTest" classname="Tests.Feature.Playground.Admin.Resource.Http.Controllers.Playground.UserRouteTest" assertions="3" time="0.143645"/>
        <testcase name="test_restore_as_admin_and_succeed" file="/app/vendor/gammamatrix/playground-test/src/Feature/Http/Controllers/Resource/Playground/RestoreTrait.php" line="65" class="Tests\Feature\Playground\Admin\Resource\Http\Controllers\Playground\UserRouteTest" classname="Tests.Feature.Playground.Admin.Resource.Http.Controllers.Playground.UserRouteTest" assertions="4" time="0.159284"/>
        <testcase name="test_restore_as_admin_and_succeed_with_redirect_to_index_with_only_trash" file="/app/vendor/gammamatrix/playground-test/src/Feature/Http/Controllers/Resource/Playground/RestoreTrait.php" line="101" class="Tests\Feature\Playground\Admin\Resource\Http\Controllers\Playground\UserRouteTest" classname="Tests.Feature.Playground.Admin.Resource.Http.Controllers.Playground.UserRouteTest" assertions="4" time="0.153328"/>
        <testcase name="test_restore_as_user_and_get_denied" file="/app/vendor/gammamatrix/playground-test/src/Feature/Http/Controllers/Resource/Playground/RestoreTrait.php" line="147" class="Tests\Feature\Playground\Admin\Resource\Http\Controllers\Playground\UserRouteTest" classname="Tests.Feature.Playground.Admin.Resource.Http.Controllers.Playground.UserRouteTest" assertions="3" time="0.152989"/>
        <testcase name="test_json_guest_cannot_see_info" file="/app/vendor/gammamatrix/playground-test/src/Feature/Http/Controllers/Resource/Playground/ShowJsonTrait.php" line="30" class="Tests\Feature\Playground\Admin\Resource\Http\Controllers\Playground\UserRouteTest" classname="Tests.Feature.Playground.Admin.Resource.Http.Controllers.Playground.UserRouteTest" assertions="1" time="0.148391"/>
        <testcase name="test_json_show_info_for_admin" file="/app/vendor/gammamatrix/playground-test/src/Feature/Http/Controllers/Resource/Playground/ShowJsonTrait.php" line="50" class="Tests\Feature\Playground\Admin\Resource\Http\Controllers\Playground\UserRouteTest" classname="Tests.Feature.Playground.Admin.Resource.Http.Controllers.Playground.UserRouteTest" assertions="34" time="0.156905"/>
        <testcase name="test_guest_cannot_render_show_view" file="/app/vendor/gammamatrix/playground-test/src/Feature/Http/Controllers/Resource/Playground/ShowTrait.php" line="30" class="Tests\Feature\Playground\Admin\Resource\Http\Controllers\Playground\UserRouteTest" classname="Tests.Feature.Playground.Admin.Resource.Http.Controllers.Playground.UserRouteTest" assertions="1" time="0.141050"/>
        <testcase name="test_show_view_rendered_by_admin" file="/app/vendor/gammamatrix/playground-test/src/Feature/Http/Controllers/Resource/Playground/ShowTrait.php" line="50" class="Tests\Feature\Playground\Admin\Resource\Http\Controllers\Playground\UserRouteTest" classname="Tests.Feature.Playground.Admin.Resource.Http.Controllers.Playground.UserRouteTest" assertions="2" time="0.161600"/>
        <testcase name="test_json_guest_cannot_store" file="/app/vendor/gammamatrix/playground-test/src/Feature/Http/Controllers/Resource/Playground/StoreJsonTrait.php" line="44" class="Tests\Feature\Playground\Admin\Resource\Http\Controllers\Playground\UserRouteTest" classname="Tests.Feature.Playground.Admin.Resource.Http.Controllers.Playground.UserRouteTest" assertions="3" time="0.137915"/>
        <testcase name="test_json_store_as_admin_without_payload_and_fail_validation" file="/app/vendor/gammamatrix/playground-test/src/Feature/Http/Controllers/Resource/Playground/StoreJsonTrait.php" line="67" class="Tests\Feature\Playground\Admin\Resource\Http\Controllers\Playground\UserRouteTest" classname="Tests.Feature.Playground.Admin.Resource.Http.Controllers.Playground.UserRouteTest" assertions="5" time="0.151286"/>
        <testcase name="test_json_store_as_admin_and_succeed" file="/app/vendor/gammamatrix/playground-test/src/Feature/Http/Controllers/Resource/Playground/StoreJsonTrait.php" line="93" class="Tests\Feature\Playground\Admin\Resource\Http\Controllers\Playground\UserRouteTest" classname="Tests.Feature.Playground.Admin.Resource.Http.Controllers.Playground.UserRouteTest" assertions="3" time="0.165540"/>
        <testcase name="test_guest_cannot_store" file="/app/vendor/gammamatrix/playground-test/src/Feature/Http/Controllers/Resource/Playground/StoreTrait.php" line="39" class="Tests\Feature\Playground\Admin\Resource\Http\Controllers\Playground\UserRouteTest" classname="Tests.Feature.Playground.Admin.Resource.Http.Controllers.Playground.UserRouteTest" assertions="3" time="0.143881"/>
        <testcase name="test_store_as_admin_without_payload_and_fail_validation" file="/app/vendor/gammamatrix/playground-test/src/Feature/Http/Controllers/Resource/Playground/StoreTrait.php" line="62" class="Tests\Feature\Playground\Admin\Resource\Http\Controllers\Playground\UserRouteTest" classname="Tests.Feature.Playground.Admin.Resource.Http.Controllers.Playground.UserRouteTest" assertions="5" time="0.152140"/>
        <testcase name="test_store_as_admin_and_succeed" file="/app/vendor/gammamatrix/playground-test/src/Feature/Http/Controllers/Resource/Playground/StoreTrait.php" line="91" class="Tests\Feature\Playground\Admin\Resource\Http\Controllers\Playground\UserRouteTest" classname="Tests.Feature.Playground.Admin.Resource.Http.Controllers.Playground.UserRouteTest" assertions="4" time="0.195134"/>
        <testcase name="test_store_as_admin_and_succeed_with_return_url" file="/app/vendor/gammamatrix/playground-test/src/Feature/Http/Controllers/Resource/Playground/StoreTrait.php" line="136" class="Tests\Feature\Playground\Admin\Resource\Http\Controllers\Playground\UserRouteTest" classname="Tests.Feature.Playground.Admin.Resource.Http.Controllers.Playground.UserRouteTest" assertions="4" time="0.176224"/>
        <testcase name="test_json_guest_cannot_unlock" file="/app/vendor/gammamatrix/playground-test/src/Feature/Http/Controllers/Resource/Playground/UnlockJsonTrait.php" line="37" class="Tests\Feature\Playground\Admin\Resource\Http\Controllers\Playground\UserRouteTest" classname="Tests.Feature.Playground.Admin.Resource.Http.Controllers.Playground.UserRouteTest" assertions="3" time="0.146369"/>
        <testcase name="test_json_unlock_as_admin_and_succeed" file="/app/vendor/gammamatrix/playground-test/src/Feature/Http/Controllers/Resource/Playground/UnlockJsonTrait.php" line="69" class="Tests\Feature\Playground\Admin\Resource\Http\Controllers\Playground\UserRouteTest" classname="Tests.Feature.Playground.Admin.Resource.Http.Controllers.Playground.UserRouteTest" assertions="35" time="0.166960"/>
        <testcase name="test_json_unlock_as_admin_and_succeed_with_no_redirect" file="/app/vendor/gammamatrix/playground-test/src/Feature/Http/Controllers/Resource/Playground/UnlockJsonTrait.php" line="105" class="Tests\Feature\Playground\Admin\Resource\Http\Controllers\Playground\UserRouteTest" classname="Tests.Feature.Playground.Admin.Resource.Http.Controllers.Playground.UserRouteTest" assertions="35" time="0.162750"/>
        <testcase name="test_json_unlock_as_user_and_get_denied" file="/app/vendor/gammamatrix/playground-test/src/Feature/Http/Controllers/Resource/Playground/UnlockJsonTrait.php" line="146" class="Tests\Feature\Playground\Admin\Resource\Http\Controllers\Playground\UserRouteTest" classname="Tests.Feature.Playground.Admin.Resource.Http.Controllers.Playground.UserRouteTest" assertions="3" time="0.154832"/>
        <testcase name="test_guest_cannot_unlock" file="/app/vendor/gammamatrix/playground-test/src/Feature/Http/Controllers/Resource/Playground/UnlockTrait.php" line="37" class="Tests\Feature\Playground\Admin\Resource\Http\Controllers\Playground\UserRouteTest" classname="Tests.Feature.Playground.Admin.Resource.Http.Controllers.Playground.UserRouteTest" assertions="3" time="0.149597"/>
        <testcase name="test_unlock_as_admin_and_succeed" file="/app/vendor/gammamatrix/playground-test/src/Feature/Http/Controllers/Resource/Playground/UnlockTrait.php" line="69" class="Tests\Feature\Playground\Admin\Resource\Http\Controllers\Playground\UserRouteTest" classname="Tests.Feature.Playground.Admin.Resource.Http.Controllers.Playground.UserRouteTest" assertions="4" time="0.161248"/>
        <testcase name="test_unlock_as_admin_and_succeed_with_redirect_to_index_with_sorted_by_unlocked_desc" file="/app/vendor/gammamatrix/playground-test/src/Feature/Http/Controllers/Resource/Playground/UnlockTrait.php" line="110" class="Tests\Feature\Playground\Admin\Resource\Http\Controllers\Playground\UserRouteTest" classname="Tests.Feature.Playground.Admin.Resource.Http.Controllers.Playground.UserRouteTest" assertions="4" time="0.160768"/>
        <testcase name="test_unlock_as_user_and_get_denied" file="/app/vendor/gammamatrix/playground-test/src/Feature/Http/Controllers/Resource/Playground/UnlockTrait.php" line="149" class="Tests\Feature\Playground\Admin\Resource\Http\Controllers\Playground\UserRouteTest" classname="Tests.Feature.Playground.Admin.Resource.Http.Controllers.Playground.UserRouteTest" assertions="3" time="0.163223"/>
        <testcase name="test_json_guest_cannot_update" file="/app/vendor/gammamatrix/playground-test/src/Feature/Http/Controllers/Resource/Playground/UpdateJsonTrait.php" line="46" class="Tests\Feature\Playground\Admin\Resource\Http\Controllers\Playground\UserRouteTest" classname="Tests.Feature.Playground.Admin.Resource.Http.Controllers.Playground.UserRouteTest" assertions="1" time="0.149479"/>
        <testcase name="test_json_update_as_admin_without_payload_and_passes_validation" file="/app/vendor/gammamatrix/playground-test/src/Feature/Http/Controllers/Resource/Playground/UpdateJsonTrait.php" line="66" class="Tests\Feature\Playground\Admin\Resource\Http\Controllers\Playground\UserRouteTest" classname="Tests.Feature.Playground.Admin.Resource.Http.Controllers.Playground.UserRouteTest" assertions="2" time="0.167670"/>
        <testcase name="test_json_admin_can_update" file="/app/vendor/gammamatrix/playground-test/src/Feature/Http/Controllers/Resource/Playground/UpdateJsonTrait.php" line="114" class="Tests\Feature\Playground\Admin\Resource\Http\Controllers\Playground\UserRouteTest" classname="Tests.Feature.Playground.Admin.Resource.Http.Controllers.Playground.UserRouteTest" assertions="37" time="0.179261"/>
        <testcase name="test_guest_cannot_update" file="/app/vendor/gammamatrix/playground-test/src/Feature/Http/Controllers/Resource/Playground/UpdateTrait.php" line="46" class="Tests\Feature\Playground\Admin\Resource\Http\Controllers\Playground\UserRouteTest" classname="Tests.Feature.Playground.Admin.Resource.Http.Controllers.Playground.UserRouteTest" assertions="1" time="0.149075"/>
        <testcase name="test_update_as_admin_without_payload_and_passes_validation" file="/app/vendor/gammamatrix/playground-test/src/Feature/Http/Controllers/Resource/Playground/UpdateTrait.php" line="66" class="Tests\Feature\Playground\Admin\Resource\Http\Controllers\Playground\UserRouteTest" classname="Tests.Feature.Playground.Admin.Resource.Http.Controllers.Playground.UserRouteTest" assertions="3" time="0.167417"/>
        <testcase name="test_admin_can_update" file="/app/vendor/gammamatrix/playground-test/src/Feature/Http/Controllers/Resource/Playground/UpdateTrait.php" line="117" class="Tests\Feature\Playground\Admin\Resource\Http\Controllers\Playground\UserRouteTest" classname="Tests.Feature.Playground.Admin.Resource.Http.Controllers.Playground.UserRouteTest" assertions="6" time="0.177128"/>
        <testcase name="test_admin_can_update_view_with_return_url" file="/app/vendor/gammamatrix/playground-test/src/Feature/Http/Controllers/Resource/Playground/UpdateTrait.php" line="160" class="Tests\Feature\Playground\Admin\Resource\Http\Controllers\Playground\UserRouteTest" classname="Tests.Feature.Playground.Admin.Resource.Http.Controllers.Playground.UserRouteTest" assertions="6" time="0.177519"/>
      </testsuite>
      <testsuite name="Tests\Feature\Playground\Admin\Resource\Http\Requests\FormRequest\InstanceTest" file="/app/tests/Feature/Http/Requests/FormRequest/InstanceTest.php" tests="1" assertions="1" errors="0" failures="0" skipped="0" time="0.121301">
        <testcase name="test_form_request_authorize_with_admin" file="/app/tests/Feature/Http/Requests/FormRequest/InstanceTest.php" line="22" class="Tests\Feature\Playground\Admin\Resource\Http\Requests\FormRequest\InstanceTest" classname="Tests.Feature.Playground.Admin.Resource.Http.Requests.FormRequest.InstanceTest" assertions="1" time="0.121301"/>
      </testsuite>
    </testsuite>
  </testsuite>
</testsuites>
